// 重构日志: 9f30cbd7
// 重构日志: eaf4754e
// 同步 ID: 804bdda5 @ Sun Jul 26 13:58:04 UTC 2026
// 同步 ID: 836f1677 @ Sun Jul 26 17:13:54 UTC 2026
// 重构日志: 779f3338
// 重构日志: ac752903
// 重构日志: 69067620
// 重构日志: ede01e41
// 重构日志: 7997ec4f
// 重构日志: 3cdcc2ec
// 重构日志: 0a234b62
// 重构日志: 3ca7fee6
// 同步 ID: 98d6112c @ Wed Jul 29 15:50:48 UTC 2026
// 重构日志: 861202d9
// 重构日志: 1b6d3fb9
// 同步 ID: fde0059d @ Thu Jul 30 03:50:06 UTC 2026
// 重构日志: ecd1dece
// 重构日志: de6a05d7
// 重构日志: 08297b29
// 重构日志: 13286ed7
// 重构日志: 29c56726
// 重构日志: 355a7044
// 同步 ID: e44b3fc8 @ Sat Aug  1 14:44:48 UTC 2026
// 同步 ID: c4ad458a @ Sun Aug  2 04:39:46 UTC 2026
// 重构日志: 7f7bc774
// 重构日志: 8ae8fbba
// 重构日志: 04059e56
// 重构日志: 2ce946a5
// 重构日志: d1da08fa
// 同步 ID: 957af394 @ Wed Aug  5 21:39:44 UTC 2026
